Archive member included to satisfy reference by file (symbol)

/opt/st/stm32cubeide_1.11.2/plugins/com.st.stm32cube.ide.mcu.externaltools.gnu-tools-for-stm32.10.3-2021.10.linux64_1.0.100.202210260954/tools/bin/../lib/gcc/arm-none-eabi/10.3.1/../../../../arm-none-eabi/lib/thumb/v7e-m+fp/hard/libc_nano.a(lib_a-errno.o)
                              ./Core/Src/syscalls.o (__errno)
/opt/st/stm32cubeide_1.11.2/plugins/com.st.stm32cube.ide.mcu.externaltools.gnu-tools-for-stm32.10.3-2021.10.linux64_1.0.100.202210260954/tools/bin/../lib/gcc/arm-none-eabi/10.3.1/../../../../arm-none-eabi/lib/thumb/v7e-m+fp/hard/libc_nano.a(lib_a-exit.o)
                              /opt/st/stm32cubeide_1.11.2/plugins/com.st.stm32cube.ide.mcu.externaltools.gnu-tools-for-stm32.10.3-2021.10.linux64_1.0.100.202210260954/tools/bin/../lib/gcc/arm-none-eabi/10.3.1/../../../../arm-none-eabi/lib/thumb/v7e-m+fp/hard/crt0.o (exit)
/opt/st/stm32cubeide_1.11.2/plugins/com.st.stm32cube.ide.mcu.externaltools.gnu-tools-for-stm32.10.3-2021.10.linux64_1.0.100.202210260954/tools/bin/../lib/gcc/arm-none-eabi/10.3.1/../../../../arm-none-eabi/lib/thumb/v7e-m+fp/hard/libc_nano.a(lib_a-impure.o)
                              /opt/st/stm32cubeide_1.11.2/plugins/com.st.stm32cube.ide.mcu.externaltools.gnu-tools-for-stm32.10.3-2021.10.linux64_1.0.100.202210260954/tools/bin/../lib/gcc/arm-none-eabi/10.3.1/../../../../arm-none-eabi/lib/thumb/v7e-m+fp/hard/libc_nano.a(lib_a-exit.o) (_global_impure_ptr)
/opt/st/stm32cubeide_1.11.2/plugins/com.st.stm32cube.ide.mcu.externaltools.gnu-tools-for-stm32.10.3-2021.10.linux64_1.0.100.202210260954/tools/bin/../lib/gcc/arm-none-eabi/10.3.1/../../../../arm-none-eabi/lib/thumb/v7e-m+fp/hard/libc_nano.a(lib_a-init.o)
                              /opt/st/stm32cubeide_1.11.2/plugins/com.st.stm32cube.ide.mcu.externaltools.gnu-tools-for-stm32.10.3-2021.10.linux64_1.0.100.202210260954/tools/bin/../lib/gcc/arm-none-eabi/10.3.1/../../../../arm-none-eabi/lib/thumb/v7e-m+fp/hard/crt0.o (__libc_init_array)
/opt/st/stm32cubeide_1.11.2/plugins/com.st.stm32cube.ide.mcu.externaltools.gnu-tools-for-stm32.10.3-2021.10.linux64_1.0.100.202210260954/tools/bin/../lib/gcc/arm-none-eabi/10.3.1/../../../../arm-none-eabi/lib/thumb/v7e-m+fp/hard/libc_nano.a(lib_a-memset.o)
                              /opt/st/stm32cubeide_1.11.2/plugins/com.st.stm32cube.ide.mcu.externaltools.gnu-tools-for-stm32.10.3-2021.10.linux64_1.0.100.202210260954/tools/bin/../lib/gcc/arm-none-eabi/10.3.1/../../../../arm-none-eabi/lib/thumb/v7e-m+fp/hard/crt0.o (memset)

Discarded input sections

 .text          0x0000000000000000        0x0 /opt/st/stm32cubeide_1.11.2/plugins/com.st.stm32cube.ide.mcu.externaltools.gnu-tools-for-stm32.10.3-2021.10.linux64_1.0.100.202210260954/tools/bin/../lib/gcc/arm-none-eabi/10.3.1/thumb/v7e-m+fp/hard/crti.o
 .data          0x0000000000000000        0x0 /opt/st/stm32cubeide_1.11.2/plugins/com.st.stm32cube.ide.mcu.externaltools.gnu-tools-for-stm32.10.3-2021.10.linux64_1.0.100.202210260954/tools/bin/../lib/gcc/arm-none-eabi/10.3.1/thumb/v7e-m+fp/hard/crti.o
 .bss           0x0000000000000000        0x0 /opt/st/stm32cubeide_1.11.2/plugins/com.st.stm32cube.ide.mcu.externaltools.gnu-tools-for-stm32.10.3-2021.10.linux64_1.0.100.202210260954/tools/bin/../lib/gcc/arm-none-eabi/10.3.1/thumb/v7e-m+fp/hard/crti.o
 .data          0x0000000000000000        0x4 /opt/st/stm32cubeide_1.11.2/plugins/com.st.stm32cube.ide.mcu.externaltools.gnu-tools-for-stm32.10.3-2021.10.linux64_1.0.100.202210260954/tools/bin/../lib/gcc/arm-none-eabi/10.3.1/thumb/v7e-m+fp/hard/crtbegin.o
 .rodata        0x0000000000000000       0x24 /opt/st/stm32cubeide_1.11.2/plugins/com.st.stm32cube.ide.mcu.externaltools.gnu-tools-for-stm32.10.3-2021.10.linux64_1.0.100.202210260954/tools/bin/../lib/gcc/arm-none-eabi/10.3.1/thumb/v7e-m+fp/hard/crtbegin.o
 .text          0x0000000000000000       0x7c /opt/st/stm32cubeide_1.11.2/plugins/com.st.stm32cube.ide.mcu.externaltools.gnu-tools-for-stm32.10.3-2021.10.linux64_1.0.100.202210260954/tools/bin/../lib/gcc/arm-none-eabi/10.3.1/../../../../arm-none-eabi/lib/thumb/v7e-m+fp/hard/crt0.o
 .data          0x0000000000000000        0x0 /opt/st/stm32cubeide_1.11.2/plugins/com.st.stm32cube.ide.mcu.externaltools.gnu-tools-for-stm32.10.3-2021.10.linux64_1.0.100.202210260954/tools/bin/../lib/gcc/arm-none-eabi/10.3.1/../../../../arm-none-eabi/lib/thumb/v7e-m+fp/hard/crt0.o
 .bss           0x0000000000000000        0x0 /opt/st/stm32cubeide_1.11.2/plugins/com.st.stm32cube.ide.mcu.externaltools.gnu-tools-for-stm32.10.3-2021.10.linux64_1.0.100.202210260954/tools/bin/../lib/gcc/arm-none-eabi/10.3.1/../../../../arm-none-eabi/lib/thumb/v7e-m+fp/hard/crt0.o
 .ARM.extab     0x0000000000000000        0x0 /opt/st/stm32cubeide_1.11.2/plugins/com.st.stm32cube.ide.mcu.externaltools.gnu-tools-for-stm32.10.3-2021.10.linux64_1.0.100.202210260954/tools/bin/../lib/gcc/arm-none-eabi/10.3.1/../../../../arm-none-eabi/lib/thumb/v7e-m+fp/hard/crt0.o
[...]
Memory Configuration

Name             Origin             Length             Attributes
RAM              0x0000000020000000 0x0000000000020000 xrw
FLASH            0x0000000008000000 0x0000000000080000 xr
*default*        0x0000000000000000 0xffffffffffffffff

Linker script and memory map

LOAD /opt/st/stm32cubeide_1.11.2/plugins/com.st.stm32cube.ide.mcu.externaltools.gnu-tools-for-stm32.10.3-2021.10.linux64_1.0.100.202210260954/tools/bin/../lib/gcc/arm-none-eabi/10.3.1/thumb/v7e-m+fp/hard/crti.o
LOAD /opt/st/stm32cubeide_1.11.2/plugins/com.st.stm32cube.ide.mcu.externaltools.gnu-tools-for-stm32.10.3-2021.10.linux64_1.0.100.202210260954/tools/bin/../lib/gcc/arm-none-eabi/10.3.1/thumb/v7e-m+fp/hard/crtbegin.o
LOAD /opt/st/stm32cubeide_1.11.2/plugins/com.st.stm32cube.ide.mcu.externaltools.gnu-tools-for-stm32.10.3-2021.10.linux64_1.0.100.202210260954/tools/bin/../lib/gcc/arm-none-eabi/10.3.1/../../../../arm-none-eabi/lib/thumb/v7e-m+fp/hard/crt0.o
LOAD ./Core/Src/main.o
LOAD ./Core/Src/stm32g4xx_hal_msp.o
LOAD ./Core/Src/stm32g4xx_it.o
LOAD ./Core/Src/syscalls.o
LOAD ./Core/Src/sysmem.o
LOAD ./Core/Src/system_stm32g4xx.o
LOAD ./Core/Startup/startup_stm32g474qetx.o
LOAD ./Drivers/STM32G4xx_HAL_Driver/Src/stm32g4xx_hal.o
LOAD ./Drivers/STM32G4xx_HAL_Driver/Src/stm32g4xx_hal_cortex.o
LOAD ./Drivers/STM32G4xx_HAL_Driver/Src/stm32g4xx_hal_dma.o
LOAD ./Drivers/STM32G4xx_HAL_Driver/Src/stm32g4xx_hal_dma_ex.o
LOAD ./Drivers/STM32G4xx_HAL_Driver/Src/stm32g4xx_hal_exti.o
LOAD ./Drivers/STM32G4xx_HAL_Driver/Src/stm32g4xx_hal_flash.o
LOAD ./Drivers/STM32G4xx_HAL_Driver/Src/stm32g4xx_hal_flash_ex.o
LOAD ./Drivers/STM32G4xx_HAL_Driver/Src/stm32g4xx_hal_flash_ramfunc.o
LOAD ./Drivers/STM32G4xx_HAL_Driver/Src/stm32g4xx_hal_gpio.o
LOAD ./Drivers/STM32G4xx_HAL_Driver/Src/stm32g4xx_hal_pwr.o
LOAD ./Drivers/STM32G4xx_HAL_Driver/Src/stm32g4xx_hal_pwr_ex.o
LOAD ./Drivers/STM32G4xx_HAL_Driver/Src/stm32g4xx_hal_rcc.o
LOAD ./Drivers/STM32G4xx_HAL_Driver/Src/stm32g4xx_hal_rcc_ex.o
START GROUP
LOAD /opt/st/stm32cubeide_1.11.2/plugins/com.st.stm32cube.ide.mcu.externaltools.gnu-tools-for-stm32.10.3-2021.10.linux64_1.0.100.202210260954/tools/bin/../lib/gcc/arm-none-eabi/10.3.1/../../../../arm-none-eabi/lib/thumb/v7e-m+fp/hard/libc_nano.a
LOAD /opt/st/stm32cubeide_1.11.2/plugins/com.st.stm32cube.ide.mcu.externaltools.gnu-tools-for-stm32.10.3-2021.10.linux64_1.0.100.202210260954/tools/bin/../lib/gcc/arm-none-eabi/10.3.1/../../../../arm-none-eabi/lib/thumb/v7e-m+fp/hard/libm.a
END GROUP
START GROUP
LOAD /opt/st/stm32cubeide_1.11.2/plugins/com.st.stm32cube.ide.mcu.externaltools.gnu-tools-for-stm32.10.3-2021.10.linux64_1.0.100.202210260954/tools/bin/../lib/gcc/arm-none-eabi/10.3.1/thumb/v7e-m+fp/hard/libgcc.a
LOAD /opt/st/stm32cubeide_1.11.2/plugins/com.st.stm32cube.ide.mcu.externaltools.gnu-tools-for-stm32.10.3-2021.10.linux64_1.0.100.202210260954/tools/bin/../lib/gcc/arm-none-eabi/10.3.1/../../../../arm-none-eabi/lib/thumb/v7e-m+fp/hard/libc_nano.a
END GROUP
START GROUP
LOAD /opt/st/stm32cubeide_1.11.2/plugins/com.st.stm32cube.ide.mcu.externaltools.gnu-tools-for-stm32.10.3-2021.10.linux64_1.0.100.202210260954/tools/bin/../lib/gcc/arm-none-eabi/10.3.1/thumb/v7e-m+fp/hard/libgcc.a
LOAD /opt/st/stm32cubeide_1.11.2/plugins/com.st.stm32cube.ide.mcu.externaltools.gnu-tools-for-stm32.10.3-2021.10.linux64_1.0.100.202210260954/tools/bin/../lib/gcc/arm-none-eabi/10.3.1/../../../../arm-none-eabi/lib/thumb/v7e-m+fp/hard/libc_nano.a
LOAD /opt/st/stm32cubeide_1.11.2/plugins/com.st.stm32cube.ide.mcu.externaltools.gnu-tools-for-stm32.10.3-2021.10.linux64_1.0.100.202210260954/tools/bin/../lib/gcc/arm-none-eabi/10.3.1/../../../../arm-none-eabi/lib/thumb/v7e-m+fp/hard/libnosys.a
END GROUP
START GROUP
LOAD /opt/st/stm32cubeide_1.11.2/plugins/com.st.stm32cube.ide.mcu.externaltools.gnu-tools-for-stm32.10.3-2021.10.linux64_1.0.100.202210260954/tools/bin/../lib/gcc/arm-none-eabi/10.3.1/thumb/v7e-m+fp/hard/libgcc.a
LOAD /opt/st/stm32cubeide_1.11.2/plugins/com.st.stm32cube.ide.mcu.externaltools.gnu-tools-for-stm32.10.3-2021.10.linux64_1.0.100.202210260954/tools/bin/../lib/gcc/arm-none-eabi/10.3.1/../../../../arm-none-eabi/lib/thumb/v7e-m+fp/hard/libc_nano.a
LOAD /opt/st/stm32cubeide_1.11.2/plugins/com.st.stm32cube.ide.mcu.externaltools.gnu-tools-for-stm32.10.3-2021.10.linux64_1.0.100.202210260954/tools/bin/../lib/gcc/arm-none-eabi/10.3.1/../../../../arm-none-eabi/lib/thumb/v7e-m+fp/hard/libnosys.a
END GROUP
LOAD /opt/st/stm32cubeide_1.11.2/plugins/com.st.stm32cube.ide.mcu.externaltools.gnu-tools-for-stm32.10.3-2021.10.linux64_1.0.100.202210260954/tools/bin/../lib/gcc/arm-none-eabi/10.3.1/thumb/v7e-m+fp/hard/crtend.o
LOAD /opt/st/stm32cubeide_1.11.2/plugins/com.st.stm32cube.ide.mcu.externaltools.gnu-tools-for-stm32.10.3-2021.10.linux64_1.0.100.202210260954/tools/bin/../lib/gcc/arm-none-eabi/10.3.1/thumb/v7e-m+fp/hard/crtn.o
                0x0000000020020000                _estack = (ORIGIN (RAM) + LENGTH (RAM))
                0x0000000000000200                _Min_Heap_Size = 0x200
                0x0000000000000400                _Min_Stack_Size = 0x400

.isr_vector     0x0000000008000000      0x1d8
                0x0000000008000000                . = ALIGN (0x4)
 *(.isr_vector)
 .isr_vector    0x0000000008000000      0x1d8 ./Core/Startup/startup_stm32g474qetx.o
                0x0000000008000000                g_pfnVectors
                0x00000000080001d8                . = ALIGN (0x4)

.text           0x00000000080001d8     0x1044
                0x00000000080001d8                . = ALIGN (0x4)
 *(.text)
 .text          0x00000000080001d8       0x40 /opt/st/stm32cubeide_1.11.2/plugins/com.st.stm32cube.ide.mcu.externaltools.gnu-tools-for-stm32.10.3-2021.10.linux64_1.0.100.202210260954/tools/bin/../lib/gcc/arm-none-eabi/10.3.1/thumb/v7e-m+fp/hard/crtbegin.o
 *(.text*)
 .text.main     0x0000000008000218        0xe ./Core/Src/main.o
                0x0000000008000218                main
 .text.SystemClock_Config
                0x0000000008000226       0x80 ./Core/Src/main.o
                0x0000000008000226                SystemClock_Config
 .text.Error_Handler
                0x00000000080002a6        0xa ./Core/Src/main.o
                0x00000000080002a6                Error_Handler
 .text.HAL_MspInit
                0x00000000080002b0       0x48 ./Core/Src/stm32g4xx_hal_msp.o
                0x00000000080002b0                HAL_MspInit
 .text.NMI_Handler
                0x00000000080002f8        0x6 ./Core/Src/stm32g4xx_it.o
                0x00000000080002f8                NMI_Handler
 .text.HardFault_Handler
                0x00000000080002fe        0x6 ./Core/Src/stm32g4xx_it.o
                0x00000000080002fe                HardFault_Handler
 .text.MemManage_Handler
                0x0000000008000304        0x6 ./Core/Src/stm32g4xx_it.o
                0x0000000008000304                MemManage_Handler
 .text.BusFault_Handler
                0x000000000800030a        0x6 ./Core/Src/stm32g4xx_it.o
                0x000000000800030a                BusFault_Handler
 .text.UsageFault_Handler
                0x0000000008000310        0x6 ./Core/Src/stm32g4xx_it.o
                0x0000000008000310                UsageFault_Handler
 .text.SVC_Handler
                0x0000000008000316        0xe ./Core/Src/stm32g4xx_it.o
                0x0000000008000316                SVC_Handler
 .text.DebugMon_Handler
                0x0000000008000324        0xe ./Core/Src/stm32g4xx_it.o
                0x0000000008000324                DebugMon_Handler
 .text.PendSV_Handler
                0x0000000008000332        0xe ./Core/Src/stm32g4xx_it.o
                0x0000000008000332                PendSV_Handler
 .text.SysTick_Handler
                0x0000000008000340        0xc ./Core/Src/stm32g4xx_it.o
                0x0000000008000340                SysTick_Handler
 .text.SystemInit
                0x000000000800034c       0x24 ./Core/Src/system_stm32g4xx.o
                0x000000000800034c                SystemInit
 .text.Reset_Handler
                0x0000000008000370       0x50 ./Core/Startup/startup_stm32g474qetx.o
                0x0000000008000370                Reset_Handler
 .text.Default_Handler
                0x00000000080003c0        0x2 ./Core/Startup/startup_stm32g474qetx.o
                0x00000000080003c0                RTC_Alarm_IRQHandler
                0x00000000080003c0                EXTI2_IRQHandler
                0x00000000080003c0                TIM8_TRG_COM_IRQHandler
                0x00000000080003c0                TIM8_CC_IRQHandler
                0x00000000080003c0                HRTIM1_Master_IRQHandler
                0x00000000080003c0                SPI4_IRQHandler
                0x00000000080003c0                FDCAN3_IT0_IRQHandler
                0x00000000080003c0                TIM1_CC_IRQHandler
                0x00000000080003c0                HRTIM1_FLT_IRQHandler
                0x00000000080003c0                HRTIM1_TIMF_IRQHandler
                0x00000000080003c0                USB_HP_IRQHandler
                0x00000000080003c0                CORDIC_IRQHandler
                0x00000000080003c0                HRTIM1_TIMD_IRQHandler
                0x00000000080003c0                DMA2_Channel8_IRQHandler
                0x00000000080003c0                EXTI3_IRQHandler
                0x00000000080003c0                I2C3_ER_IRQHandler
                0x00000000080003c0                EXTI0_IRQHandler
                0x00000000080003c0                I2C2_EV_IRQHandler
                0x00000000080003c0                FPU_IRQHandler
                0x00000000080003c0                FDCAN1_IT1_IRQHandler
                0x00000000080003c0                TIM1_UP_TIM16_IRQHandler
                0x00000000080003c0                ADC1_2_IRQHandler
                0x00000000080003c0                HRTIM1_TIME_IRQHandler
                0x00000000080003c0                SPI1_IRQHandler
                0x00000000080003c0                TIM6_DAC_IRQHandler
                0x00000000080003c0                HRTIM1_TIMC_IRQHandler
                0x00000000080003c0                TIM8_UP_IRQHandler
                0x00000000080003c0                DMA2_Channel2_IRQHandler
                0x00000000080003c0                DMA1_Channel4_IRQHandler
                0x00000000080003c0                TIM20_TRG_COM_IRQHandler
                0x00000000080003c0                USART3_IRQHandler
                0x00000000080003c0                DMA1_Channel7_IRQHandler
                0x00000000080003c0                UART5_IRQHandler
                0x00000000080003c0                ADC3_IRQHandler
                0x00000000080003c0                TIM4_IRQHandler
                0x00000000080003c0                DMA2_Channel1_IRQHandler
                0x00000000080003c0                QUADSPI_IRQHandler
                0x00000000080003c0                I2C1_EV_IRQHandler
                0x00000000080003c0                DMA1_Channel6_IRQHandler
                0x00000000080003c0                UART4_IRQHandler
                0x00000000080003c0                DMA2_Channel4_IRQHandler
                0x00000000080003c0                TIM3_IRQHandler
                0x00000000080003c0                RCC_IRQHandler
                0x00000000080003c0                TIM20_UP_IRQHandler
                0x00000000080003c0                DMA1_Channel1_IRQHandler
                0x00000000080003c0                Default_Handler
                0x00000000080003c0                DMA2_Channel7_IRQHandler
                0x00000000080003c0                RTC_TAMP_LSECSS_IRQHandler
                0x00000000080003c0                FMAC_IRQHandler
                0x00000000080003c0                EXTI15_10_IRQHandler
                0x00000000080003c0                DMA1_Channel8_IRQHandler
                0x00000000080003c0                HRTIM1_TIMA_IRQHandler
                0x00000000080003c0                TIM7_DAC_IRQHandler
                0x00000000080003c0                FDCAN3_IT1_IRQHandler
                0x00000000080003c0                TIM5_IRQHandler
                0x00000000080003c0                UCPD1_IRQHandler
                0x00000000080003c0                I2C3_EV_IRQHandler
                0x00000000080003c0                EXTI9_5_IRQHandler
                0x00000000080003c0                RTC_WKUP_IRQHandler
                0x00000000080003c0                PVD_PVM_IRQHandler
                0x00000000080003c0                SPI2_IRQHandler
                0x00000000080003c0                ADC5_IRQHandler
                0x00000000080003c0                DMA2_Channel5_IRQHandler
                0x00000000080003c0                CRS_IRQHandler
                0x00000000080003c0                DMA1_Channel5_IRQHandler
                0x00000000080003c0                USB_LP_IRQHandler
                0x00000000080003c0                EXTI4_IRQHandler
                0x00000000080003c0                RNG_IRQHandler
                0x00000000080003c0                HRTIM1_TIMB_IRQHandler
                0x00000000080003c0                TIM1_TRG_COM_TIM17_IRQHandler
                0x00000000080003c0                FDCAN2_IT1_IRQHandler
                0x00000000080003c0                DMA1_Channel3_IRQHandler
                0x00000000080003c0                ADC4_IRQHandler
                0x00000000080003c0                WWDG_IRQHandler
                0x00000000080003c0                I2C4_EV_IRQHandler
                0x00000000080003c0                FDCAN2_IT0_IRQHandler
                0x00000000080003c0                LPUART1_IRQHandler
                0x00000000080003c0                DMA2_Channel6_IRQHandler
                0x00000000080003c0                FDCAN1_IT0_IRQHandler
                0x00000000080003c0                TIM2_IRQHandler
                0x00000000080003c0                COMP7_IRQHandler
                0x00000000080003c0                COMP1_2_3_IRQHandler
                0x00000000080003c0                EXTI1_IRQHandler
                0x00000000080003c0                USART2_IRQHandler
                0x00000000080003c0                COMP4_5_6_IRQHandler
                0x00000000080003c0                TIM20_BRK_IRQHandler
                0x00000000080003c0                I2C2_ER_IRQHandler
                0x00000000080003c0                DMA1_Channel2_IRQHandler
                0x00000000080003c0                TIM8_BRK_IRQHandler
                0x00000000080003c0                FLASH_IRQHandler
                0x00000000080003c0                TIM20_CC_IRQHandler
                0x00000000080003c0                USART1_IRQHandler
                0x00000000080003c0                SPI3_IRQHandler
                0x00000000080003c0                I2C1_ER_IRQHandler
                0x00000000080003c0                FMC_IRQHandler
                0x00000000080003c0                LPTIM1_IRQHandler
                0x00000000080003c0                DMAMUX_OVR_IRQHandler
                0x00000000080003c0                I2C4_ER_IRQHandler
                0x00000000080003c0                USBWakeUp_IRQHandler
                0x00000000080003c0                SAI1_IRQHandler
                0x00000000080003c0                DMA2_Channel3_IRQHandler
                0x00000000080003c0                TIM1_BRK_TIM15_IRQHandler
 .text.HAL_Init
                0x00000000080003c2       0x30 ./Drivers/STM32G4xx_HAL_Driver/Src/stm32g4xx_hal.o
                0x00000000080003c2                HAL_Init
 *fill*         0x00000000080003f2        0x2 
 .text.HAL_InitTick
                0x00000000080003f4       0x74 ./Drivers/STM32G4xx_HAL_Driver/Src/stm32g4xx_hal.o
                0x00000000080003f4                HAL_InitTick
 .text.HAL_IncTick
                0x0000000008000468       0x24 ./Drivers/STM32G4xx_HAL_Driver/Src/stm32g4xx_hal.o
                0x0000000008000468                HAL_IncTick
 .text.HAL_GetTick
                0x000000000800048c       0x18 ./Drivers/STM32G4xx_HAL_Driver/Src/stm32g4xx_hal.o
                0x000000000800048c                HAL_GetTick
 .text.__NVIC_SetPriorityGrouping
                0x00000000080004a4       0x48 ./Drivers/STM32G4xx_HAL_Driver/Src/stm32g4xx_hal_cortex.o
 .text.__NVIC_GetPriorityGrouping
                0x00000000080004ec       0x1c ./Drivers/STM32G4xx_HAL_Driver/Src/stm32g4xx_hal_cortex.o
 .text.__NVIC_SetPriority
                0x0000000008000508       0x54 ./Drivers/STM32G4xx_HAL_Driver/Src/stm32g4xx_hal_cortex.o
 .text.NVIC_EncodePriority
                0x000000000800055c       0x66 ./Drivers/STM32G4xx_HAL_Driver/Src/stm32g4xx_hal_cortex.o
 *fill*         0x00000000080005c2        0x2 
 .text.SysTick_Config
                0x00000000080005c4       0x44 ./Drivers/STM32G4xx_HAL_Driver/Src/stm32g4xx_hal_cortex.o
 .text.HAL_NVIC_SetPriorityGrouping
                0x0000000008000608       0x16 ./Drivers/STM32G4xx_HAL_Driver/Src/stm32g4xx_hal_cortex.o
                0x0000000008000608                HAL_NVIC_SetPriorityGrouping
 .text.HAL_NVIC_SetPriority
                0x000000000800061e       0x34 ./Drivers/STM32G4xx_HAL_Driver/Src/stm32g4xx_hal_cortex.o
                0x000000000800061e                HAL_NVIC_SetPriority
 .text.HAL_SYSTICK_Config
                0x0000000008000652       0x18 ./Drivers/STM32G4xx_HAL_Driver/Src/stm32g4xx_hal_cortex.o
                0x0000000008000652                HAL_SYSTICK_Config
 *fill*         0x000000000800066a        0x2 
 .text.HAL_PWREx_ControlVoltageScaling
                0x000000000800066c      0x148 ./Drivers/STM32G4xx_HAL_Driver/Src/stm32g4xx_hal_pwr_ex.o
                0x000000000800066c                HAL_PWREx_ControlVoltageScaling
 .text.HAL_RCC_OscConfig
                0x00000000080007b4      0x630 ./Drivers/STM32G4xx_HAL_Driver/Src/stm32g4xx_hal_rcc.o
                0x00000000080007b4                HAL_RCC_OscConfig
 .text.HAL_RCC_ClockConfig
                0x0000000008000de4      0x278 ./Drivers/STM32G4xx_HAL_Driver/Src/stm32g4xx_hal_rcc.o
                0x0000000008000de4                HAL_RCC_ClockConfig
 .text.HAL_RCC_GetSysClockFreq
                0x000000000800105c       0xc4 ./Drivers/STM32G4xx_HAL_Driver/Src/stm32g4xx_hal_rcc.o
                0x000000000800105c                HAL_RCC_GetSysClockFreq
 .text.RCC_GetSysClockFreqFromPLLSource
                0x0000000008001120       0x8c ./Drivers/STM32G4xx_HAL_Driver/Src/stm32g4xx_hal_rcc.o
 .text.__libc_init_array
                0x00000000080011ac       0x48 /opt/st/stm32cubeide_1.11.2/plugins/com.st.stm32cube.ide.mcu.externaltools.gnu-tools-for-stm32.10.3-2021.10.linux64_1.0.100.202210260954/tools/bin/../lib/gcc/arm-none-eabi/10.3.1/../../../../arm-none-eabi/lib/thumb/v7e-m+fp/hard/libc_nano.a(lib_a-init.o)
                0x00000000080011ac                __libc_init_array
 .text.memset   0x00000000080011f4       0x10 /opt/st/stm32cubeide_1.11.2/plugins/com.st.stm32cube.ide.mcu.externaltools.gnu-tools-for-stm32.10.3-2021.10.linux64_1.0.100.202210260954/tools/bin/../lib/gcc/arm-none-eabi/10.3.1/../../../../arm-none-eabi/lib/thumb/v7e-m+fp/hard/libc_nano.a(lib_a-memset.o)
                0x00000000080011f4                memset
 *(.glue_7)
 .glue_7        0x0000000008001204        0x0 linker stubs
 *(.glue_7t)
 .glue_7t       0x0000000008001204        0x0 linker stubs
 *(.eh_frame)
 .eh_frame      0x0000000008001204        0x0 /opt/st/stm32cubeide_1.11.2/plugins/com.st.stm32cube.ide.mcu.externaltools.gnu-tools-for-stm32.10.3-2021.10.linux64_1.0.100.202210260954/tools/bin/../lib/gcc/arm-none-eabi/10.3.1/thumb/v7e-m+fp/hard/crtbegin.o
 *(.init)
 .init          0x0000000008001204        0x4 /opt/st/stm32cubeide_1.11.2/plugins/com.st.stm32cube.ide.mcu.externaltools.gnu-tools-for-stm32.10.3-2021.10.linux64_1.0.100.202210260954/tools/bin/../lib/gcc/arm-none-eabi/10.3.1/thumb/v7e-m+fp/hard/crti.o
                0x0000000008001204                _init
 .init          0x0000000008001208        0x8 /opt/st/stm32cubeide_1.11.2/plugins/com.st.stm32cube.ide.mcu.externaltools.gnu-tools-for-stm32.10.3-2021.10.linux64_1.0.100.202210260954/tools/bin/../lib/gcc/arm-none-eabi/10.3.1/thumb/v7e-m+fp/hard/crtn.o
 *(.fini)
 .fini          0x0000000008001210        0x4 /opt/st/stm32cubeide_1.11.2/plugins/com.st.stm32cube.ide.mcu.externaltools.gnu-tools-for-stm32.10.3-2021.10.linux64_1.0.100.202210260954/tools/bin/../lib/gcc/arm-none-eabi/10.3.1/thumb/v7e-m+fp/hard/crti.o
                0x0000000008001210                _fini
 .fini          0x0000000008001214        0x8 /opt/st/stm32cubeide_1.11.2/plugins/com.st.stm32cube.ide.mcu.externaltools.gnu-tools-for-stm32.10.3-2021.10.linux64_1.0.100.202210260954/tools/bin/../lib/gcc/arm-none-eabi/10.3.1/thumb/v7e-m+fp/hard/crtn.o
                0x000000000800121c                . = ALIGN (0x4)
                0x000000000800121c                _etext = .

.vfp11_veneer   0x000000000800121c        0x0
 .vfp11_veneer  0x000000000800121c        0x0 linker stubs

.v4_bx          0x000000000800121c        0x0
 .v4_bx         0x000000000800121c        0x0 linker stubs

.iplt           0x000000000800121c        0x0
 .iplt          0x000000000800121c        0x0 /opt/st/stm32cubeide_1.11.2/plugins/com.st.stm32cube.ide.mcu.externaltools.gnu-tools-for-stm32.10.3-2021.10.linux64_1.0.100.202210260954/tools/bin/../lib/gcc/arm-none-eabi/10.3.1/thumb/v7e-m+fp/hard/crtbegin.o

.rodata         0x000000000800121c       0x10
                0x000000000800121c                . = ALIGN (0x4)
 *(.rodata)
 *(.rodata*)
 .rodata.AHBPrescTable
                0x000000000800121c       0x10 ./Core/Src/system_stm32g4xx.o
                0x000000000800121c                AHBPrescTable
                0x000000000800122c                . = ALIGN (0x4)

.rel.dyn        0x000000000800122c        0x0
 .rel.iplt      0x000000000800122c        0x0 /opt/st/stm32cubeide_1.11.2/plugins/com.st.stm32cube.ide.mcu.externaltools.gnu-tools-for-stm32.10.3-2021.10.linux64_1.0.100.202210260954/tools/bin/../lib/gcc/arm-none-eabi/10.3.1/thumb/v7e-m+fp/hard/crtbegin.o

.ARM.extab      0x000000000800122c        0x0
                0x000000000800122c                . = ALIGN (0x4)
 *(.ARM.extab* .gnu.linkonce.armextab.*)
                0x000000000800122c                . = ALIGN (0x4)

.ARM            0x000000000800122c        0x0
                0x000000000800122c                . = ALIGN (0x4)
                0x000000000800122c                __exidx_start = .
 *(.ARM.exidx*)
                0x000000000800122c                __exidx_end = .
                0x000000000800122c                . = ALIGN (0x4)

.preinit_array  0x000000000800122c        0x0
                0x000000000800122c                . = ALIGN (0x4)
                0x000000000800122c                PROVIDE (__preinit_array_start = .)
 *(.preinit_array*)
                0x000000000800122c                PROVIDE (__preinit_array_end = .)
                0x000000000800122c                . = ALIGN (0x4)

.init_array     0x000000000800122c        0x4
                0x000000000800122c                . = ALIGN (0x4)
                0x000000000800122c                PROVIDE (__init_array_start = .)
 *(SORT_BY_NAME(.init_array.*))
 *(.init_array*)
 .init_array    0x000000000800122c        0x4 /opt/st/stm32cubeide_1.11.2/plugins/com.st.stm32cube.ide.mcu.externaltools.gnu-tools-for-stm32.10.3-2021.10.linux64_1.0.100.202210260954/tools/bin/../lib/gcc/arm-none-eabi/10.3.1/thumb/v7e-m+fp/hard/crtbegin.o
                0x0000000008001230                PROVIDE (__init_array_end = .)
                0x0000000008001230                . = ALIGN (0x4)

.fini_array     0x0000000008001230        0x4
                0x0000000008001230                . = ALIGN (0x4)
                [!provide]                        PROVIDE (__fini_array_start = .)
 *(SORT_BY_NAME(.fini_array.*))
 *(.fini_array*)
 .fini_array    0x0000000008001230        0x4 /opt/st/stm32cubeide_1.11.2/plugins/com.st.stm32cube.ide.mcu.externaltools.gnu-tools-for-stm32.10.3-2021.10.linux64_1.0.100.202210260954/tools/bin/../lib/gcc/arm-none-eabi/10.3.1/thumb/v7e-m+fp/hard/crtbegin.o
                [!provide]                        PROVIDE (__fini_array_end = .)
                0x0000000008001234                . = ALIGN (0x4)
                0x0000000008001234                _sidata = LOADADDR (.data)

.data           0x0000000020000000        0xc load address 0x0000000008001234
                0x0000000020000000                . = ALIGN (0x4)
                0x0000000020000000                _sdata = .
 *(.data)
 *(.data*)
 .data.SystemCoreClock
                0x0000000020000000        0x4 ./Core/Src/system_stm32g4xx.o
                0x0000000020000000                SystemCoreClock
 .data.uwTickPrio
                0x0000000020000004        0x4 ./Drivers/STM32G4xx_HAL_Driver/Src/stm32g4xx_hal.o
                0x0000000020000004                uwTickPrio
 .data.uwTickFreq
                0x0000000020000008        0x4 ./Drivers/STM32G4xx_HAL_Driver/Src/stm32g4xx_hal.o
                0x0000000020000008                uwTickFreq
 *(.RamFunc)
 *(.RamFunc*)
                0x000000002000000c                . = ALIGN (0x4)
                0x000000002000000c                _edata = .

.igot.plt       0x000000002000000c        0x0 load address 0x0000000008001240
 .igot.plt      0x000000002000000c        0x0 /opt/st/stm32cubeide_1.11.2/plugins/com.st.stm32cube.ide.mcu.externaltools.gnu-tools-for-stm32.10.3-2021.10.linux64_1.0.100.202210260954/tools/bin/../lib/gcc/arm-none-eabi/10.3.1/thumb/v7e-m+fp/hard/crtbegin.o
                0x000000002000000c                . = ALIGN (0x4)

.bss            0x000000002000000c       0x20 load address 0x0000000008001240
                0x000000002000000c                _sbss = .
                0x000000002000000c                __bss_start__ = _sbss
 *(.bss)
 .bss           0x000000002000000c       0x1c /opt/st/stm32cubeide_1.11.2/plugins/com.st.stm32cube.ide.mcu.externaltools.gnu-tools-for-stm32.10.3-2021.10.linux64_1.0.100.202210260954/tools/bin/../lib/gcc/arm-none-eabi/10.3.1/thumb/v7e-m+fp/hard/crtbegin.o
 *(.bss*)
 .bss.uwTick    0x0000000020000028        0x4 ./Drivers/STM32G4xx_HAL_Driver/Src/stm32g4xx_hal.o
                0x0000000020000028                uwTick
 *(COMMON)
                0x000000002000002c                . = ALIGN (0x4)
                0x000000002000002c                _ebss = .
                0x000000002000002c                __bss_end__ = _ebss

._user_heap_stack
                0x000000002000002c      0x604 load address 0x0000000008001240
                0x0000000020000030                . = ALIGN (0x8)
 *fill*         0x000000002000002c        0x4 
                [!provide]                        PROVIDE (end = .)
                0x0000000020000030                PROVIDE (_end = .)
                0x0000000020000230                . = (. + _Min_Heap_Size)
 *fill*         0x0000000020000030      0x200 
                0x0000000020000630                . = (. + _Min_Stack_Size)
 *fill*         0x0000000020000230      0x400 
                0x0000000020000630                . = ALIGN (0x8)

/DISCARD/
 libc.a(*)
 libm.a(*)
 libgcc.a(*)

.ARM.attributes
                0x0000000000000000       0x30
 *(.ARM.attributes)
 .ARM.attributes
                0x0000000000000000       0x1e /opt/st/stm32cubeide_1.11.2/plugins/com.st.stm32cube.ide.mcu.externaltools.gnu-tools-for-stm32.10.3-2021.10.linux64_1.0.100.202210260954/tools/bin/../lib/gcc/arm-none-eabi/10.3.1/thumb/v7e-m+fp/hard/crti.o
 .ARM.attributes
                0x000000000000001e       0x34 /opt/st/stm32cubeide_1.11.2/plugins/com.st.stm32cube.ide.mcu.externaltools.gnu-tools-for-stm32.10.3-2021.10.linux64_1.0.100.202210260954/tools/bin/../lib/gcc/arm-none-eabi/10.3.1/thumb/v7e-m+fp/hard/crtbegin.o
 .ARM.attributes
                0x0000000000000052       0x34 ./Core/Src/main.o
 .ARM.attributes
                0x0000000000000086       0x34 ./Core/Src/stm32g4xx_hal_msp.o
 .ARM.attributes
                0x00000000000000ba       0x34 ./Core/Src/stm32g4xx_it.o
 .ARM.attributes
                0x00000000000000ee       0x34 ./Core/Src/system_stm32g4xx.o
 .ARM.attributes
                0x0000000000000122       0x21 ./Core/Startup/startup_stm32g474qetx.o
 .ARM.attributes
                0x0000000000000143       0x34 ./Drivers/STM32G4xx_HAL_Driver/Src/stm32g4xx_hal.o
 .ARM.attributes
                0x0000000000000177       0x34 ./Drivers/STM32G4xx_HAL_Driver/Src/stm32g4xx_hal_cortex.o
 .ARM.attributes
                0x00000000000001ab       0x34 ./Drivers/STM32G4xx_HAL_Driver/Src/stm32g4xx_hal_pwr_ex.o
 .ARM.attributes
                0x00000000000001df       0x34 ./Drivers/STM32G4xx_HAL_Driver/Src/stm32g4xx_hal_rcc.o
 .ARM.attributes
                0x0000000000000213       0x34 /opt/st/stm32cubeide_1.11.2/plugins/com.st.stm32cube.ide.mcu.externaltools.gnu-tools-for-stm32.10.3-2021.10.linux64_1.0.100.202210260954/tools/bin/../lib/gcc/arm-none-eabi/10.3.1/../../../../arm-none-eabi/lib/thumb/v7e-m+fp/hard/libc_nano.a(lib_a-init.o)
 .ARM.attributes
                0x0000000000000247       0x34 /opt/st/stm32cubeide_1.11.2/plugins/com.st.stm32cube.ide.mcu.externaltools.gnu-tools-for-stm32.10.3-2021.10.linux64_1.0.100.202210260954/tools/bin/../lib/gcc/arm-none-eabi/10.3.1/../../../../arm-none-eabi/lib/thumb/v7e-m+fp/hard/libc_nano.a(lib_a-memset.o)
 .ARM.attributes
                0x000000000000027b       0x1e /opt/st/stm32cubeide_1.11.2/plugins/com.st.stm32cube.ide.mcu.externaltools.gnu-tools-for-stm32.10.3-2021.10.linux64_1.0.100.202210260954/tools/bin/../lib/gcc/arm-none-eabi/10.3.1/thumb/v7e-m+fp/hard/crtn.o
OUTPUT(terrsko.elf elf32-littlearm)
LOAD linker stubs
LOAD /opt/st/stm32cubeide_1.11.2/plugins/com.st.stm32cube.ide.mcu.externaltools.gnu-tools-for-stm32.10.3-2021.10.linux64_1.0.100.202210260954/tools/bin/../lib/gcc/arm-none-eabi/10.3.1/../../../../arm-none-eabi/lib/thumb/v7e-m+fp/hard/libc.a
LOAD /opt/st/stm32cubeide_1.11.2/plugins/com.st.stm32cube.ide.mcu.externaltools.gnu-tools-for-stm32.10.3-2021.10.linux64_1.0.100.202210260954/tools/bin/../lib/gcc/arm-none-eabi/10.3.1/../../../../arm-none-eabi/lib/thumb/v7e-m+fp/hard/libm.a
LOAD /opt/st/stm32cubeide_1.11.2/plugins/com.st.stm32cube.ide.mcu.externaltools.gnu-tools-for-stm32.10.3-2021.10.linux64_1.0.100.202210260954/tools/bin/../lib/gcc/arm-none-eabi/10.3.1/thumb/v7e-m+fp/hard/libgcc.a

.debug_info     0x0000000000000000     0x3d43
 .debug_info    0x0000000000000000      0x2e7 ./Core/Src/main.o
 .debug_info    0x00000000000002e7      0x324 ./Core/Src/stm32g4xx_hal_msp.o
 .debug_info    0x000000000000060b      0x122 ./Core/Src/stm32g4xx_it.o
 .debug_info    0x000000000000072d      0x59f ./Core/Src/system_stm32g4xx.o
 .debug_info    0x0000000000000ccc       0x22 ./Core/Startup/startup_stm32g474qetx.o
 .debug_info    0x0000000000000cee      0xb9d ./Drivers/STM32G4xx_HAL_Driver/Src/stm32g4xx_hal.o
 .debug_info    0x000000000000188b      0xe7e ./Drivers/STM32G4xx_HAL_Driver/Src/stm32g4xx_hal_cortex.o
 .debug_info    0x0000000000002709      0x983 ./Drivers/STM32G4xx_HAL_Driver/Src/stm32g4xx_hal_pwr_ex.o
 .debug_info    0x000000000000308c      0xcb7 ./Drivers/STM32G4xx_HAL_Driver/Src/stm32g4xx_hal_rcc.o

.debug_abbrev   0x0000000000000000      0xe06
 .debug_abbrev  0x0000000000000000      0x14c ./Core/Src/main.o
 .debug_abbrev  0x000000000000014c       0xc2 ./Core/Src/stm32g4xx_hal_msp.o
 .debug_abbrev  0x000000000000020e       0x74 ./Core/Src/stm32g4xx_it.o
 .debug_abbrev  0x0000000000000282      0x116 ./Core/Src/system_stm32g4xx.o
 .debug_abbrev  0x0000000000000398       0x12 ./Core/Startup/startup_stm32g474qetx.o
 .debug_abbrev  0x00000000000003aa      0x269 ./Drivers/STM32G4xx_HAL_Driver/Src/stm32g4xx_hal.o
 .debug_abbrev  0x0000000000000613      0x30d ./Drivers/STM32G4xx_HAL_Driver/Src/stm32g4xx_hal_cortex.o
 .debug_abbrev  0x0000000000000920      0x229 ./Drivers/STM32G4xx_HAL_Driver/Src/stm32g4xx_hal_pwr_ex.o
 .debug_abbrev  0x0000000000000b49      0x2bd ./Drivers/STM32G4xx_HAL_Driver/Src/stm32g4xx_hal_rcc.o

.debug_aranges  0x0000000000000000      0x520
 .debug_aranges
                0x0000000000000000       0x30 ./Core/Src/main.o
 .debug_aranges
                0x0000000000000030       0x20 ./Core/Src/stm32g4xx_hal_msp.o
 .debug_aranges
                0x0000000000000050       0x60 ./Core/Src/stm32g4xx_it.o
 .debug_aranges
                0x00000000000000b0       0x28 ./Core/Src/system_stm32g4xx.o
 .debug_aranges
                0x00000000000000d8       0x28 ./Core/Startup/startup_stm32g474qetx.o
 .debug_aranges
                0x0000000000000100      0x130 ./Drivers/STM32G4xx_HAL_Driver/Src/stm32g4xx_hal.o
 .debug_aranges
                0x0000000000000230      0x118 ./Drivers/STM32G4xx_HAL_Driver/Src/stm32g4xx_hal_cortex.o
 .debug_aranges
                0x0000000000000348      0x140 ./Drivers/STM32G4xx_HAL_Driver/Src/stm32g4xx_hal_pwr_ex.o
 .debug_aranges
                0x0000000000000488       0x98 ./Drivers/STM32G4xx_HAL_Driver/Src/stm32g4xx_hal_rcc.o

.debug_ranges   0x0000000000000000      0x498
 .debug_ranges  0x0000000000000000       0x20 ./Core/Src/main.o
 .debug_ranges  0x0000000000000020       0x10 ./Core/Src/stm32g4xx_hal_msp.o
 .debug_ranges  0x0000000000000030       0x50 ./Core/Src/stm32g4xx_it.o
 .debug_ranges  0x0000000000000080       0x18 ./Core/Src/system_stm32g4xx.o
 .debug_ranges  0x0000000000000098       0x20 ./Core/Startup/startup_stm32g474qetx.o
 .debug_ranges  0x00000000000000b8      0x120 ./Drivers/STM32G4xx_HAL_Driver/Src/stm32g4xx_hal.o
 .debug_ranges  0x00000000000001d8      0x108 ./Drivers/STM32G4xx_HAL_Driver/Src/stm32g4xx_hal_cortex.o
 .debug_ranges  0x00000000000002e0      0x130 ./Drivers/STM32G4xx_HAL_Driver/Src/stm32g4xx_hal_pwr_ex.o
 .debug_ranges  0x0000000000000410       0x88 ./Drivers/STM32G4xx_HAL_Driver/Src/stm32g4xx_hal_rcc.o

.debug_macro    0x0000000000000000    0x22f43
 .debug_macro   0x0000000000000000      0x1b0 ./Core/Src/main.o
 .debug_macro   0x00000000000001b0      0xa78 ./Core/Src/main.o
 .debug_macro   0x0000000000000c28      0x14f ./Core/Src/main.o
 .debug_macro   0x0000000000000d77       0x2e ./Core/Src/main.o
 .debug_macro   0x0000000000000da5       0x28 ./Core/Src/main.o
 .debug_macro   0x0000000000000dcd       0x22 ./Core/Src/main.o
 .debug_macro   0x0000000000000def       0x8e ./Core/Src/main.o
 .debug_macro   0x0000000000000e7d       0x51 ./Core/Src/main.o
 .debug_macro   0x0000000000000ece      0x103 ./Core/Src/main.o
 .debug_macro   0x0000000000000fd1       0x6a ./Core/Src/main.o
 .debug_macro   0x000000000000103b      0x1df ./Core/Src/main.o
 .debug_macro   0x000000000000121a       0x1c ./Core/Src/main.o
 .debug_macro   0x0000000000001236       0x22 ./Core/Src/main.o
 .debug_macro   0x0000000000001258       0xfb ./Core/Src/main.o
 .debug_macro   0x0000000000001353     0x1011 ./Core/Src/main.o
 .debug_macro   0x0000000000002364      0x11f ./Core/Src/main.o
 .debug_macro   0x0000000000002483    0x18b93 ./Core/Src/main.o
 .debug_macro   0x000000000001b016       0x6d ./Core/Src/main.o
 .debug_macro   0x000000000001b083     0x3554 ./Core/Src/main.o
 .debug_macro   0x000000000001e5d7      0x174 ./Core/Src/main.o
 .debug_macro   0x000000000001e74b       0x5c ./Core/Src/main.o
 .debug_macro   0x000000000001e7a7     0x171f ./Core/Src/main.o
 .debug_macro   0x000000000001fec6      0x600 ./Core/Src/main.o
 .debug_macro   0x00000000000204c6      0x1b6 ./Core/Src/main.o
 .debug_macro   0x000000000002067c      0x34a ./Core/Src/main.o
 .debug_macro   0x00000000000209c6      0x53c ./Core/Src/main.o
 .debug_macro   0x0000000000020f02      0x18b ./Core/Src/main.o
 .debug_macro   0x000000000002108d       0x43 ./Core/Src/main.o
 .debug_macro   0x00000000000210d0      0x23d ./Core/Src/main.o
 .debug_macro   0x000000000002130d      0x211 ./Core/Src/main.o
 .debug_macro   0x000000000002151e      0x45c ./Core/Src/main.o
 .debug_macro   0x000000000002197a      0x11c ./Core/Src/main.o
 .debug_macro   0x0000000000021a96      0x122 ./Core/Src/main.o
 .debug_macro   0x0000000000021bb8      0x3d1 ./Core/Src/main.o
 .debug_macro   0x0000000000021f89      0x358 ./Core/Src/main.o
 .debug_macro   0x00000000000222e1      0x1b0 ./Core/Src/stm32g4xx_hal_msp.o
 .debug_macro   0x0000000000022491      0x1ba ./Core/Src/stm32g4xx_it.o
 .debug_macro   0x000000000002264b      0x1a6 ./Core/Src/system_stm32g4xx.o
 .debug_macro   0x00000000000227f1      0x1f4 ./Drivers/STM32G4xx_HAL_Driver/Src/stm32g4xx_hal.o
 .debug_macro   0x00000000000229e5      0x1a6 ./Drivers/STM32G4xx_HAL_Driver/Src/stm32g4xx_hal_cortex.o
 .debug_macro   0x0000000000022b8b      0x1d0 ./Drivers/STM32G4xx_HAL_Driver/Src/stm32g4xx_hal_pwr_ex.o
 .debug_macro   0x0000000000022d5b      0x1e8 ./Drivers/STM32G4xx_HAL_Driver/Src/stm32g4xx_hal_rcc.o

.debug_line     0x0000000000000000     0x4bd1
 .debug_line    0x0000000000000000      0x6bd ./Core/Src/main.o
 .debug_line    0x00000000000006bd      0x656 ./Core/Src/stm32g4xx_hal_msp.o
 .debug_line    0x0000000000000d13      0x719 ./Core/Src/stm32g4xx_it.o
 .debug_line    0x000000000000142c      0x6c0 ./Core/Src/system_stm32g4xx.o
 .debug_line    0x0000000000001aec       0x89 ./Core/Startup/startup_stm32g474qetx.o
 .debug_line    0x0000000000001b75      0xa37 ./Drivers/STM32G4xx_HAL_Driver/Src/stm32g4xx_hal.o
 .debug_line    0x00000000000025ac      0xbea ./Drivers/STM32G4xx_HAL_Driver/Src/stm32g4xx_hal_cortex.o
 .debug_line    0x0000000000003196      0xbee ./Drivers/STM32G4xx_HAL_Driver/Src/stm32g4xx_hal_pwr_ex.o
 .debug_line    0x0000000000003d84      0xe4d ./Drivers/STM32G4xx_HAL_Driver/Src/stm32g4xx_hal_rcc.o

.debug_str      0x0000000000000000    0xde882
 .debug_str     0x0000000000000000    0xdcb3c ./Core/Src/main.o
                                      0xdcdd5 (size before relaxing)
 .debug_str     0x00000000000dcb3c      0x180 ./Core/Src/stm32g4xx_hal_msp.o
                                      0xdcd6e (size before relaxing)
 .debug_str     0x00000000000dccbc       0xc9 ./Core/Src/stm32g4xx_it.o
                                      0xdcc9e (size before relaxing)
 .debug_str     0x00000000000dcd85       0xe5 ./Core/Src/system_stm32g4xx.o
                                      0xdce1e (size before relaxing)
 .debug_str     0x00000000000dce6a       0x36 ./Core/Startup/startup_stm32g474qetx.o
                                         0x64 (size before relaxing)
 .debug_str     0x00000000000dcea0      0xc14 ./Drivers/STM32G4xx_HAL_Driver/Src/stm32g4xx_hal.o
                                      0xddb09 (size before relaxing)
 .debug_str     0x00000000000ddab4      0x355 ./Drivers/STM32G4xx_HAL_Driver/Src/stm32g4xx_hal_cortex.o
                                      0xdd7b4 (size before relaxing)
 .debug_str     0x00000000000dde09      0x50d ./Drivers/STM32G4xx_HAL_Driver/Src/stm32g4xx_hal_pwr_ex.o
                                      0xdd30c (size before relaxing)
 .debug_str     0x00000000000de316      0x56c ./Drivers/STM32G4xx_HAL_Driver/Src/stm32g4xx_hal_rcc.o
                                      0xdd53d (size before relaxing)

.comment        0x0000000000000000       0x50
 .comment       0x0000000000000000       0x50 ./Core/Src/main.o
                                         0x51 (size before relaxing)
 .comment       0x0000000000000050       0x51 ./Core/Src/stm32g4xx_hal_msp.o
 .comment       0x0000000000000050       0x51 ./Core/Src/stm32g4xx_it.o
 .comment       0x0000000000000050       0x51 ./Core/Src/system_stm32g4xx.o
 .comment       0x0000000000000050       0x51 ./Drivers/STM32G4xx_HAL_Driver/Src/stm32g4xx_hal.o
 .comment       0x0000000000000050       0x51 ./Drivers/STM32G4xx_HAL_Driver/Src/stm32g4xx_hal_cortex.o
 .comment       0x0000000000000050       0x51 ./Drivers/STM32G4xx_HAL_Driver/Src/stm32g4xx_hal_pwr_ex.o
 .comment       0x0000000000000050       0x51 ./Drivers/STM32G4xx_HAL_Driver/Src/stm32g4xx_hal_rcc.o

.debug_frame    0x0000000000000000     0x12b8
 .debug_frame   0x0000000000000000       0x68 ./Core/Src/main.o
 .debug_frame   0x0000000000000068       0x38 ./Core/Src/stm32g4xx_hal_msp.o
 .debug_frame   0x00000000000000a0      0x104 ./Core/Src/stm32g4xx_it.o
 .debug_frame   0x00000000000001a4       0x58 ./Core/Src/system_stm32g4xx.o
 .debug_frame   0x00000000000001fc      0x4a0 ./Drivers/STM32G4xx_HAL_Driver/Src/stm32g4xx_hal.o
 .debug_frame   0x000000000000069c      0x498 ./Drivers/STM32G4xx_HAL_Driver/Src/stm32g4xx_hal_cortex.o
 .debug_frame   0x0000000000000b34      0x4fc ./Drivers/STM32G4xx_HAL_Driver/Src/stm32g4xx_hal_pwr_ex.o
 .debug_frame   0x0000000000001030      0x23c ./Drivers/STM32G4xx_HAL_Driver/Src/stm32g4xx_hal_rcc.o
 .debug_frame   0x000000000000126c       0x2c /opt/st/stm32cubeide_1.11.2/plugins/com.st.stm32cube.ide.mcu.externaltools.gnu-tools-for-stm32.10.3-2021.10.linux64_1.0.100.202210260954/tools/bin/../lib/gcc/arm-none-eabi/10.3.1/../../../../arm-none-eabi/lib/thumb/v7e-m+fp/hard/libc_nano.a(lib_a-init.o)
 .debug_frame   0x0000000000001298       0x20 /opt/st/stm32cubeide_1.11.2/plugins/com.st.stm32cube.ide.mcu.externaltools.gnu-tools-for-stm32.10.3-2021.10.linux64_1.0.100.202210260954/tools/bin/../lib/gcc/arm-none-eabi/10.3.1/../../../../arm-none-eabi/lib/thumb/v7e-m+fp/hard/libc_nano.a(lib_a-memset.o)
